[indoinvite.com/s/1952/undangan/975027.html]
[backblue.gif]
[fade.gif]
[index.html]
[cdn.jsdelivr.net/npm/lightgallery@2.0.0-beta.3/css/lightgallery.css]
[cdn.jsdelivr.net/npm/lightgallery@2.0.0-beta.3/css/lg-zoom.css]
[cdn.jsdelivr.net/npm/justifiedGallery@3.8.1/dist/css/justifiedGallery.css]
[cdn.jsdelivr.net/npm/lightgallery@2.0.0-beta.3/css/lg-thumbnail.css]
[indoinvite.com/nikah/css/animate.css]
[indoinvite.com/nikah/css/icomoon.css]
[indoinvite.com/nikah/css/bootstrap.css]
[indoinvite.com/nikah/css/magnific-popup.css]
[indoinvite.com/nikah/css/owl.carousel.min.css]
[indoinvite.com/nikah/css/owl.theme.default.min.css]
[indoinvite.com/nikah/css/style.css]
[indoinvite.com/nikah/js/modernizr-2.6.2.min.js]
[unpkg.com/aos@2.3.1/dist/aos.css]
[indoinvite.com/css/template.css]
[unpkg.com/tailwindcss@^1.0/dist/tailwind.min.css]
[indoinvite.com/tailwind.css]
[unpkg.com/tailwindcss@1.9.6/dist/tailwind.min.css]
[cdn.jsdelivr.net/npm/@splidejs/splide@3.6.12/dist/css/splide.min.css]
[cdn.jsdelivr.net/npm/@splidejs/splide@3.6.12/dist/css/splide-core.min.css]
[indoinvite.com/nikah/template/bee-classic/EB 1.jpg]
[sin1.contabostorage.com/2db3bf1e16cd47a08843bb881e39cce7_indoinvite-staging/indoinvite-staging/indoinvite-staging/nikah/upload/1952/1677249007foto_berdua.jpg]
[sin1.contabostorage.com/2db3bf1e16cd47a08843bb881e39cce7_indoinvite-staging/indoinvite-staging/indoinvite-staging/nikah/upload/galery/1677249254.jpg]
[sin1.contabostorage.com/2db3bf1e16cd47a08843bb881e39cce7_indoinvite-staging/indoinvite-staging/indoinvite-staging/nikah/template/beautiful-white/patern.jpg]
[indoinvite.com/nikah/loading_new.gif]
[indoinvite.com/nikah/liputan6.png]
[indoinvite.com/nikah/merdeka.png]
[indoinvite.com/nikah/kontan.png]
[sin1.contabostorage.com/2db3bf1e16cd47a08843bb881e39cce7_indoinvite-staging/indoinvite-staging/indoinvite-staging/nikah/upload/produk/1699628384sampul_produk.jpg]
[sin1.contabostorage.com/2db3bf1e16cd47a08843bb881e39cce7_indoinvite-staging/indoinvite-staging/indoinvite-staging/nikah/post/1677400049sampul_produk.jpg]
[sin1.contabostorage.com/2db3bf1e16cd47a08843bb881e39cce7_indoinvite-staging/indoinvite-staging/indoinvite-staging/nikah/upload/produk/1704083288sampul_produk.jpg]
[sin1.contabostorage.com/2db3bf1e16cd47a08843bb881e39cce7_indoinvite-staging/indoinvite-staging/indoinvite-staging/nikah/upload/post/1698384559sampul_produk.jpg]
[sin1.contabostorage.com/2db3bf1e16cd47a08843bb881e39cce7_indoinvite-staging/indoinvite-staging/indoinvite-staging/nikah/post/1677378530sampul_produk.jpg]
[sin1.contabostorage.com/2db3bf1e16cd47a08843bb881e39cce7_indoinvite-staging/indoinvite-staging/indoinvite-staging/nikah/post/1677073583sampul_produk.jpg]
[sin1.contabostorage.com/2db3bf1e16cd47a08843bb881e39cce7_indoinvite-staging/indoinvite-staging/indoinvite-staging/nikah/post/1677380897sampul_produk.jpg]
[sin1.contabostorage.com/2db3bf1e16cd47a08843bb881e39cce7_indoinvite-staging/indoinvite-staging/indoinvite-staging/nikah/post/1677378616sampul_produk.jpg]
[sin1.contabostorage.com/2db3bf1e16cd47a08843bb881e39cce7_indoinvite-staging/indoinvite-staging/indoinvite-staging/nikah/upload/produk/1699628370sampul_produk.jpg]
[sin1.contabostorage.com/2db3bf1e16cd47a08843bb881e39cce7_indoinvite-staging/indoinvite-staging/indoinvite-staging/nikah/post/1677074288sampul_produk.jpg]
[sin1.contabostorage.com/2db3bf1e16cd47a08843bb881e39cce7_indoinvite-staging/indoinvite-staging/indoinvite-staging/nikah/post/1677379838sampul_produk.jpg]
[sin1.contabostorage.com/2db3bf1e16cd47a08843bb881e39cce7_indoinvite-staging/indoinvite-staging/indoinvite-staging/nikah/post/1677409099sampul_produk.jpg]
[sin1.contabostorage.com/2db3bf1e16cd47a08843bb881e39cce7_indoinvite-staging/indoinvite-staging/indoinvite-staging/nikah/upload/produk/1699628208sampul_produk.jpg]
[sin1.contabostorage.com/2db3bf1e16cd47a08843bb881e39cce7_indoinvite-staging/indoinvite-staging/indoinvite-staging/nikah/upload/produk/1699627968sampul_produk.jpg]
[sin1.contabostorage.com/2db3bf1e16cd47a08843bb881e39cce7_indoinvite-staging/indoinvite-staging/indoinvite-staging/nikah/upload/produk/1699626307sampul_produk.jpg]
[sin1.contabostorage.com/2db3bf1e16cd47a08843bb881e39cce7_indoinvite-staging/indoinvite-staging/indoinvite-staging/nikah/post/1677573572sampul_produk.jpg]
[indoinvite.com/gifts/25.png]
[indoinvite.com/gifts/34.png]
[indoinvite.com/gifts/39.png]
[indoinvite.com/gifts/49.png]
[indoinvite.com/gifts/68.png]
[indoinvite.com/gifts/92.gif]
[indoinvite.com/gifts/105.gif]
[indoinvite.com/gifts/159.gif]
[indoinvite.com/gifts/198.gif]
[indoinvite.com/gifts/256.gif]
[indoinvite.com/gifts/345.gif]
[indoinvite.com/gifts/432.gif]
[indoinvite.com/gifts/558.gif]
[indoinvite.com/gifts/718.gif]
[indoinvite.com/gifts/839.gif]
[sin1.contabostorage.com/2db3bf1e16cd47a08843bb881e39cce7_indoinvite-staging/indoinvite-staging/indoinvite-staging/nikah/upload/galery/1679297398.jpg]
[sin1.contabostorage.com/2db3bf1e16cd47a08843bb881e39cce7_indoinvite-staging/indoinvite-staging/indoinvite-staging/nikah/upload/galery/1679297384.jpg]
[sin1.contabostorage.com/2db3bf1e16cd47a08843bb881e39cce7_indoinvite-staging/indoinvite-staging/indoinvite-staging/nikah/upload/1952/1679297306foto_pria.jpg]
[sin1.contabostorage.com/2db3bf1e16cd47a08843bb881e39cce7_indoinvite-staging/indoinvite-staging/indoinvite-staging/nikah/upload/1952/1679297306foto_wanita.jpg]
[sin1.contabostorage.com/2db3bf1e16cd47a08843bb881e39cce7_indoinvite-staging/indoinvite-staging/indoinvite-staging/nikah/upload/galery/1678944357.jpg]
[sin1.contabostorage.com/2db3bf1e16cd47a08843bb881e39cce7_indoinvite-staging/indoinvite-staging/indoinvite-staging/nikah/upload/galery/1678944280.jpg]
[sin1.contabostorage.com/2db3bf1e16cd47a08843bb881e39cce7_indoinvite-staging/indoinvite-staging/indoinvite-staging/every-moment/bgs.jpg]
[indoinvite.com/nikah/bank/pin.png]
[indoinvite.com/nikah/bank/bsi.png]
[indoinvite.com/nikah/bank/shopee.png]
[sin1.contabostorage.com/2db3bf1e16cd47a08843bb881e39cce7_indoinvite-staging/indoinvite-staging/indoinvite-staging/nikah/upload/galery/1677249222.jpg]
[sin1.contabostorage.com/2db3bf1e16cd47a08843bb881e39cce7_indoinvite-staging/indoinvite-staging/indoinvite-staging/nikah/upload/galery/1677249937.jpg]
[sin1.contabostorage.com/2db3bf1e16cd47a08843bb881e39cce7_indoinvite-staging/indoinvite-staging/indoinvite-staging/nikah/upload/galery/1679297391.jpg]
[sin1.contabostorage.com/2db3bf1e16cd47a08843bb881e39cce7_indoinvite-staging/indoinvite-staging/indoinvite-staging/nikah/upload/galery/19521702517848.jpg]
[indoinvite.com/nikah/down.png]
[indoinvite.com/nikah/js/jquery.min.js]
[indoinvite.com/nikah/js/jquery.easing.1.3.js]
[indoinvite.com/nikah/js/bootstrap.min.js]
[indoinvite.com/nikah/js/jquery.waypoints.min.js]
[indoinvite.com/nikah/js/owl.carousel.min.js]
[indoinvite.com/nikah/js/jquery.countTo.js]
[indoinvite.com/nikah/js/jquery.stellar.min.js]
[indoinvite.com/nikah/js/jquery.magnific-popup.min.js]
[indoinvite.com/nikah/js/magnific-popup-options.js]
[indoinvite.com/nikah/js/simplyCountdown.js]
[indoinvite.com/nikah/js/main.js]
[cdnjs.cloudflare.com/ajax/libs/animejs/3.2.1/anime.min.js]
[unpkg.com/aos@2.3.1/dist/aos.js]
[indoinvite.com/snow/PureSnow.js]
[cdn.jsdelivr.net/npm/lightgallery@2.0.0-beta.3/lightgallery.umd.js]
[cdn.jsdelivr.net/npm/lightgallery@2.0.0-beta.3/plugins/zoom/lg-zoom.umd.js]
[cdn.jsdelivr.net/npm/justifiedGallery@3.8.1/dist/js/jquery.justifiedGallery.js]
[cdn.jsdelivr.net/npm/lightgallery@2.0.0-beta.3/plugins/thumbnail/lg-thumbnail.umd.js]
[translate.google.com/translate_a/elementa0d8.js]
[indoinvite.com/s/1952/undangan/975027.html]
[www.googletagmanager.com/gtm5445.html]
[cdn.jsdelivr.net/npm/@splidejs/splide@3.6.12/dist/js/splide.min.js]
[cdn.jsdelivr.net/npm/lightgallery@2.0.0-beta.3/images/loading.gif]
[cdn.jsdelivr.net/npm/lightgallery@2.0.0-beta.3/css/lightgallery.css]
[cdn.jsdelivr.net/npm/lightgallery@2.0.0-beta.3/css/lg-zoom.css]
[cdn.jsdelivr.net/npm/justifiedGallery@3.8.1/dist/css/justifiedGallery.css]
[cdn.jsdelivr.net/npm/lightgallery@2.0.0-beta.3/css/lg-thumbnail.css]
[indoinvite.com/nikah/css/animate.css]
[indoinvite.com/nikah/css/icomoon.css]
[indoinvite.com/nikah/css/bootstrap.css]
[indoinvite.com/nikah/css/magnific-popup.css]
[indoinvite.com/nikah/css/owl.carousel.min.css]
[indoinvite.com/nikah/css/owl.theme.default.min.css]
[indoinvite.com/nikah/images/loader.gif]
[indoinvite.com/nikah/css/style.css]
[unpkg.com/aos@2.3.1/dist/aos.css]
[indoinvite.com/tailwind.css]
[indoinvite.com/css/template.css]
[unpkg.com/tailwindcss@1.9.6/dist/tailwind.min.css]
[cdn.jsdelivr.net/npm/@splidejs/splide@3.6.12/dist/css/splide.min.css]
[cdn.jsdelivr.net/npm/@splidejs/splide@3.6.12/dist/css/splide-core.min.css]
[www.xendit.co/wp-content/uploads/2020/03/XENDIT-LOGOArtboard-1@2x.html]
[indoinvite.com/nikah/css/owl.video.play.html]
